2025-12-07 20:27:42,448 [WARNING] reader - Multiple matches for ethiopia, opex_f, solar, None; returning mean=6.5500
2025-12-07 20:27:42,463 [WARNING] reader - Multiple matches for ethiopia, opex_f, bess, None; returning mean=5.3500
2025-12-07 20:27:42,568 [WARNING] reader - Multiple matches for ethiopia, opex_f, solar, None; returning mean=6.5500
2025-12-07 20:27:42,582 [WARNING] reader - Multiple matches for ethiopia, opex_f, bess, None; returning mean=5.3500
2025-12-07 20:27:42,687 [WARNING] reader - Multiple matches for ethiopia, opex_f, solar, None; returning mean=6.5500
2025-12-07 20:27:42,701 [WARNING] reader - Multiple matches for ethiopia, opex_f, bess, None; returning mean=5.3500
2025-12-07 20:27:42,811 [WARNING] reader - Multiple matches for ethiopia, opex_f, solar, None; returning mean=6.5500
2025-12-07 20:27:42,825 [WARNING] reader - Multiple matches for ethiopia, opex_f, bess, None; returning mean=5.3500
2025-12-07 20:27:42,925 [WARNING] reader - Multiple matches for ethiopia, opex_f, solar, None; returning mean=6.5500
2025-12-07 20:27:42,940 [WARNING] reader - Multiple matches for ethiopia, opex_f, bess, None; returning mean=5.3500
2025-12-07 20:27:43,040 [WARNING] reader - Multiple matches for ethiopia, opex_f, solar, None; returning mean=6.5500
2025-12-07 20:27:43,054 [WARNING] reader - Multiple matches for ethiopia, opex_f, bess, None; returning mean=5.3500
2025-12-07 20:27:43,151 [WARNING] reader - Multiple matches for ethiopia, opex_f, solar, None; returning mean=6.5500
2025-12-07 20:27:43,164 [WARNING] reader - Multiple matches for ethiopia, opex_f, bess, None; returning mean=5.3500
2025-12-07 20:27:43,268 [WARNING] reader - Multiple matches for ethiopia, opex_f, solar, None; returning mean=6.5500
2025-12-07 20:27:43,282 [WARNING] reader - Multiple matches for ethiopia, opex_f, bess, None; returning mean=5.3500
2025-12-07 20:27:43,385 [WARNING] reader - Multiple matches for ethiopia, opex_f, solar, None; returning mean=6.5500
2025-12-07 20:27:43,400 [WARNING] reader - Multiple matches for ethiopia, opex_f, bess, None; returning mean=5.3500
2025-12-07 20:27:43,503 [WARNING] reader - Multiple matches for ethiopia, opex_f, solar, None; returning mean=6.5500
2025-12-07 20:27:43,517 [WARNING] reader - Multiple matches for ethiopia, opex_f, bess, None; returning mean=5.3500
2025-12-07 20:27:43,566 [WARNING] reader - Multiple matches for ethiopia, capex, coal, None; returning mean=2095.4800
2025-12-07 20:27:43,655 [WARNING] reader - Multiple matches for ethiopia, capex, coal, None; returning mean=2095.4800
2025-12-07 20:27:43,744 [WARNING] reader - Multiple matches for ethiopia, capex, coal, None; returning mean=2095.4800
2025-12-07 20:27:43,833 [WARNING] reader - Multiple matches for ethiopia, capex, coal, None; returning mean=2095.4800
2025-12-07 20:27:43,926 [WARNING] reader - Multiple matches for ethiopia, capex, coal, None; returning mean=2095.4800
2025-12-07 20:27:44,017 [WARNING] reader - Multiple matches for ethiopia, capex, coal, None; returning mean=2095.4800
2025-12-07 20:27:44,105 [WARNING] reader - Multiple matches for ethiopia, capex, coal, None; returning mean=2095.4800
2025-12-07 20:27:44,196 [WARNING] reader - Multiple matches for ethiopia, capex, coal, None; returning mean=2095.4800
2025-12-07 20:27:44,288 [WARNING] reader - Multiple matches for ethiopia, capex, coal, None; returning mean=2095.4800
2025-12-07 20:27:44,376 [WARNING] reader - Multiple matches for ethiopia, capex, coal, None; returning mean=2095.4800
2025-12-07 20:27:44,466 [WARNING] reader - Multiple matches for ethiopia, capex, gas, None; returning mean=1810.2100
2025-12-07 20:27:44,562 [WARNING] reader - Multiple matches for ethiopia, capex, gas, None; returning mean=1810.2100
2025-12-07 20:27:44,656 [WARNING] reader - Multiple matches for ethiopia, capex, gas, None; returning mean=1810.2100
2025-12-07 20:27:44,753 [WARNING] reader - Multiple matches for ethiopia, capex, gas, None; returning mean=1810.2100
2025-12-07 20:27:44,840 [WARNING] reader - Multiple matches for ethiopia, capex, gas, None; returning mean=1810.2100
2025-12-07 20:27:44,958 [WARNING] reader - Multiple matches for ethiopia, capex, gas, None; returning mean=1810.2100
2025-12-07 20:27:45,048 [WARNING] reader - Multiple matches for ethiopia, capex, gas, None; returning mean=1810.2100
2025-12-07 20:27:45,135 [WARNING] reader - Multiple matches for ethiopia, capex, gas, None; returning mean=1810.2100
2025-12-07 20:27:45,225 [WARNING] reader - Multiple matches for ethiopia, capex, gas, None; returning mean=1810.2100
2025-12-07 20:27:45,315 [WARNING] reader - Multiple matches for ethiopia, capex, gas, None; returning mean=1810.2100
2025-12-07 20:28:06,350 [WARNING] reader - Multiple matches for ethiopia, opex_f, solar, None; returning mean=6.5500
2025-12-07 20:28:06,366 [WARNING] reader - Multiple matches for ethiopia, opex_f, bess, None; returning mean=5.3500
2025-12-07 20:28:06,471 [WARNING] reader - Multiple matches for ethiopia, opex_f, solar, None; returning mean=6.5500
2025-12-07 20:28:06,485 [WARNING] reader - Multiple matches for ethiopia, opex_f, bess, None; returning mean=5.3500
2025-12-07 20:28:06,597 [WARNING] reader - Multiple matches for ethiopia, opex_f, solar, None; returning mean=6.5500
2025-12-07 20:28:06,614 [WARNING] reader - Multiple matches for ethiopia, opex_f, bess, None; returning mean=5.3500
2025-12-07 20:28:06,726 [WARNING] reader - Multiple matches for ethiopia, opex_f, solar, None; returning mean=6.5500
2025-12-07 20:28:06,743 [WARNING] reader - Multiple matches for ethiopia, opex_f, bess, None; returning mean=5.3500
2025-12-07 20:28:06,858 [WARNING] reader - Multiple matches for ethiopia, opex_f, solar, None; returning mean=6.5500
2025-12-07 20:28:06,871 [WARNING] reader - Multiple matches for ethiopia, opex_f, bess, None; returning mean=5.3500
2025-12-07 20:28:06,969 [WARNING] reader - Multiple matches for ethiopia, opex_f, solar, None; returning mean=6.5500
2025-12-07 20:28:06,983 [WARNING] reader - Multiple matches for ethiopia, opex_f, bess, None; returning mean=5.3500
2025-12-07 20:28:07,086 [WARNING] reader - Multiple matches for ethiopia, opex_f, solar, None; returning mean=6.5500
2025-12-07 20:28:07,101 [WARNING] reader - Multiple matches for ethiopia, opex_f, bess, None; returning mean=5.3500
2025-12-07 20:28:07,206 [WARNING] reader - Multiple matches for ethiopia, opex_f, solar, None; returning mean=6.5500
2025-12-07 20:28:07,217 [WARNING] reader - Multiple matches for ethiopia, opex_f, bess, None; returning mean=5.3500
2025-12-07 20:28:07,339 [WARNING] reader - Multiple matches for ethiopia, opex_f, solar, None; returning mean=6.5500
2025-12-07 20:28:07,352 [WARNING] reader - Multiple matches for ethiopia, opex_f, bess, None; returning mean=5.3500
2025-12-07 20:28:07,472 [WARNING] reader - Multiple matches for ethiopia, opex_f, solar, None; returning mean=6.5500
2025-12-07 20:28:07,485 [WARNING] reader - Multiple matches for ethiopia, opex_f, bess, None; returning mean=5.3500
2025-12-07 20:28:07,537 [WARNING] reader - Multiple matches for ethiopia, capex, coal, None; returning mean=2095.4800
2025-12-07 20:28:07,636 [WARNING] reader - Multiple matches for ethiopia, capex, coal, None; returning mean=2095.4800
2025-12-07 20:28:07,738 [WARNING] reader - Multiple matches for ethiopia, capex, coal, None; returning mean=2095.4800
2025-12-07 20:28:07,843 [WARNING] reader - Multiple matches for ethiopia, capex, coal, None; returning mean=2095.4800
2025-12-07 20:28:07,936 [WARNING] reader - Multiple matches for ethiopia, capex, coal, None; returning mean=2095.4800
2025-12-07 20:28:08,025 [WARNING] reader - Multiple matches for ethiopia, capex, coal, None; returning mean=2095.4800
2025-12-07 20:28:08,115 [WARNING] reader - Multiple matches for ethiopia, capex, coal, None; returning mean=2095.4800
2025-12-07 20:28:08,208 [WARNING] reader - Multiple matches for ethiopia, capex, coal, None; returning mean=2095.4800
2025-12-07 20:28:08,302 [WARNING] reader - Multiple matches for ethiopia, capex, coal, None; returning mean=2095.4800
2025-12-07 20:28:08,397 [WARNING] reader - Multiple matches for ethiopia, capex, coal, None; returning mean=2095.4800
2025-12-07 20:28:08,511 [WARNING] reader - Multiple matches for ethiopia, capex, gas, None; returning mean=1810.2100
2025-12-07 20:28:08,603 [WARNING] reader - Multiple matches for ethiopia, capex, gas, None; returning mean=1810.2100
2025-12-07 20:28:08,692 [WARNING] reader - Multiple matches for ethiopia, capex, gas, None; returning mean=1810.2100
2025-12-07 20:28:08,789 [WARNING] reader - Multiple matches for ethiopia, capex, gas, None; returning mean=1810.2100
2025-12-07 20:28:08,888 [WARNING] reader - Multiple matches for ethiopia, capex, gas, None; returning mean=1810.2100
2025-12-07 20:28:08,997 [WARNING] reader - Multiple matches for ethiopia, capex, gas, None; returning mean=1810.2100
2025-12-07 20:28:09,089 [WARNING] reader - Multiple matches for ethiopia, capex, gas, None; returning mean=1810.2100
2025-12-07 20:28:09,184 [WARNING] reader - Multiple matches for ethiopia, capex, gas, None; returning mean=1810.2100
2025-12-07 20:28:09,278 [WARNING] reader - Multiple matches for ethiopia, capex, gas, None; returning mean=1810.2100
2025-12-07 20:28:09,373 [WARNING] reader - Multiple matches for ethiopia, capex, gas, None; returning mean=1810.2100
2025-12-07 20:28:31,468 [WARNING] reader - Multiple matches for ethiopia, opex_f, solar, None; returning mean=6.5500
2025-12-07 20:28:31,481 [WARNING] reader - Multiple matches for ethiopia, opex_f, bess, None; returning mean=5.3500
2025-12-07 20:28:31,580 [WARNING] reader - Multiple matches for ethiopia, opex_f, solar, None; returning mean=6.5500
2025-12-07 20:28:31,593 [WARNING] reader - Multiple matches for ethiopia, opex_f, bess, None; returning mean=5.3500
2025-12-07 20:28:31,694 [WARNING] reader - Multiple matches for ethiopia, opex_f, solar, None; returning mean=6.5500
2025-12-07 20:28:31,708 [WARNING] reader - Multiple matches for ethiopia, opex_f, bess, None; returning mean=5.3500
2025-12-07 20:28:31,811 [WARNING] reader - Multiple matches for ethiopia, opex_f, solar, None; returning mean=6.5500
2025-12-07 20:28:31,824 [WARNING] reader - Multiple matches for ethiopia, opex_f, bess, None; returning mean=5.3500
2025-12-07 20:28:31,927 [WARNING] reader - Multiple matches for ethiopia, opex_f, solar, None; returning mean=6.5500
2025-12-07 20:28:31,943 [WARNING] reader - Multiple matches for ethiopia, opex_f, bess, None; returning mean=5.3500
2025-12-07 20:28:32,041 [WARNING] reader - Multiple matches for ethiopia, opex_f, solar, None; returning mean=6.5500
2025-12-07 20:28:32,054 [WARNING] reader - Multiple matches for ethiopia, opex_f, bess, None; returning mean=5.3500
2025-12-07 20:28:32,178 [WARNING] reader - Multiple matches for ethiopia, opex_f, solar, None; returning mean=6.5500
2025-12-07 20:28:32,195 [WARNING] reader - Multiple matches for ethiopia, opex_f, bess, None; returning mean=5.3500
2025-12-07 20:28:32,299 [WARNING] reader - Multiple matches for ethiopia, opex_f, solar, None; returning mean=6.5500
2025-12-07 20:28:32,315 [WARNING] reader - Multiple matches for ethiopia, opex_f, bess, None; returning mean=5.3500
2025-12-07 20:28:32,419 [WARNING] reader - Multiple matches for ethiopia, opex_f, solar, None; returning mean=6.5500
2025-12-07 20:28:32,432 [WARNING] reader - Multiple matches for ethiopia, opex_f, bess, None; returning mean=5.3500
2025-12-07 20:28:32,534 [WARNING] reader - Multiple matches for ethiopia, opex_f, solar, None; returning mean=6.5500
2025-12-07 20:28:32,547 [WARNING] reader - Multiple matches for ethiopia, opex_f, bess, None; returning mean=5.3500
2025-12-07 20:28:32,606 [WARNING] reader - Multiple matches for ethiopia, capex, coal, None; returning mean=2095.4800
2025-12-07 20:28:32,701 [WARNING] reader - Multiple matches for ethiopia, capex, coal, None; returning mean=2095.4800
2025-12-07 20:28:32,793 [WARNING] reader - Multiple matches for ethiopia, capex, coal, None; returning mean=2095.4800
2025-12-07 20:28:32,886 [WARNING] reader - Multiple matches for ethiopia, capex, coal, None; returning mean=2095.4800
2025-12-07 20:28:32,982 [WARNING] reader - Multiple matches for ethiopia, capex, coal, None; returning mean=2095.4800
2025-12-07 20:28:33,077 [WARNING] reader - Multiple matches for ethiopia, capex, coal, None; returning mean=2095.4800
2025-12-07 20:28:33,171 [WARNING] reader - Multiple matches for ethiopia, capex, coal, None; returning mean=2095.4800
2025-12-07 20:28:33,267 [WARNING] reader - Multiple matches for ethiopia, capex, coal, None; returning mean=2095.4800
2025-12-07 20:28:33,359 [WARNING] reader - Multiple matches for ethiopia, capex, coal, None; returning mean=2095.4800
2025-12-07 20:28:33,453 [WARNING] reader - Multiple matches for ethiopia, capex, coal, None; returning mean=2095.4800
2025-12-07 20:28:33,542 [WARNING] reader - Multiple matches for ethiopia, capex, gas, None; returning mean=1810.2100
2025-12-07 20:28:33,638 [WARNING] reader - Multiple matches for ethiopia, capex, gas, None; returning mean=1810.2100
2025-12-07 20:28:33,732 [WARNING] reader - Multiple matches for ethiopia, capex, gas, None; returning mean=1810.2100
2025-12-07 20:28:33,822 [WARNING] reader - Multiple matches for ethiopia, capex, gas, None; returning mean=1810.2100
2025-12-07 20:28:33,921 [WARNING] reader - Multiple matches for ethiopia, capex, gas, None; returning mean=1810.2100
2025-12-07 20:28:34,017 [WARNING] reader - Multiple matches for ethiopia, capex, gas, None; returning mean=1810.2100
2025-12-07 20:28:34,113 [WARNING] reader - Multiple matches for ethiopia, capex, gas, None; returning mean=1810.2100
2025-12-07 20:28:34,207 [WARNING] reader - Multiple matches for ethiopia, capex, gas, None; returning mean=1810.2100
2025-12-07 20:28:34,304 [WARNING] reader - Multiple matches for ethiopia, capex, gas, None; returning mean=1810.2100
2025-12-07 20:28:34,396 [WARNING] reader - Multiple matches for ethiopia, capex, gas, None; returning mean=1810.2100
2025-12-07 20:28:54,182 [WARNING] reader - Multiple matches for ethiopia, opex_f, solar, None; returning mean=6.5500
2025-12-07 20:28:54,197 [WARNING] reader - Multiple matches for ethiopia, opex_f, bess, None; returning mean=5.3500
2025-12-07 20:28:54,301 [WARNING] reader - Multiple matches for ethiopia, opex_f, solar, None; returning mean=6.5500
2025-12-07 20:28:54,314 [WARNING] reader - Multiple matches for ethiopia, opex_f, bess, None; returning mean=5.3500
2025-12-07 20:28:54,418 [WARNING] reader - Multiple matches for ethiopia, opex_f, solar, None; returning mean=6.5500
2025-12-07 20:28:54,431 [WARNING] reader - Multiple matches for ethiopia, opex_f, bess, None; returning mean=5.3500
2025-12-07 20:28:54,530 [WARNING] reader - Multiple matches for ethiopia, opex_f, solar, None; returning mean=6.5500
2025-12-07 20:28:54,545 [WARNING] reader - Multiple matches for ethiopia, opex_f, bess, None; returning mean=5.3500
2025-12-07 20:28:54,658 [WARNING] reader - Multiple matches for ethiopia, opex_f, solar, None; returning mean=6.5500
2025-12-07 20:28:54,671 [WARNING] reader - Multiple matches for ethiopia, opex_f, bess, None; returning mean=5.3500
2025-12-07 20:28:54,772 [WARNING] reader - Multiple matches for ethiopia, opex_f, solar, None; returning mean=6.5500
2025-12-07 20:28:54,786 [WARNING] reader - Multiple matches for ethiopia, opex_f, bess, None; returning mean=5.3500
2025-12-07 20:28:54,897 [WARNING] reader - Multiple matches for ethiopia, opex_f, solar, None; returning mean=6.5500
2025-12-07 20:28:54,916 [WARNING] reader - Multiple matches for ethiopia, opex_f, bess, None; returning mean=5.3500
2025-12-07 20:28:55,016 [WARNING] reader - Multiple matches for ethiopia, opex_f, solar, None; returning mean=6.5500
2025-12-07 20:28:55,030 [WARNING] reader - Multiple matches for ethiopia, opex_f, bess, None; returning mean=5.3500
2025-12-07 20:28:55,132 [WARNING] reader - Multiple matches for ethiopia, opex_f, solar, None; returning mean=6.5500
2025-12-07 20:28:55,146 [WARNING] reader - Multiple matches for ethiopia, opex_f, bess, None; returning mean=5.3500
2025-12-07 20:28:55,316 [WARNING] reader - Multiple matches for ethiopia, opex_f, solar, None; returning mean=6.5500
2025-12-07 20:28:55,333 [WARNING] reader - Multiple matches for ethiopia, opex_f, bess, None; returning mean=5.3500
2025-12-07 20:28:55,395 [WARNING] reader - Multiple matches for ethiopia, capex, coal, None; returning mean=2095.4800
2025-12-07 20:28:55,505 [WARNING] reader - Multiple matches for ethiopia, capex, coal, None; returning mean=2095.4800
2025-12-07 20:28:55,597 [WARNING] reader - Multiple matches for ethiopia, capex, coal, None; returning mean=2095.4800
2025-12-07 20:28:55,687 [WARNING] reader - Multiple matches for ethiopia, capex, coal, None; returning mean=2095.4800
2025-12-07 20:28:55,780 [WARNING] reader - Multiple matches for ethiopia, capex, coal, None; returning mean=2095.4800
2025-12-07 20:28:55,880 [WARNING] reader - Multiple matches for ethiopia, capex, coal, None; returning mean=2095.4800
2025-12-07 20:28:55,966 [WARNING] reader - Multiple matches for ethiopia, capex, coal, None; returning mean=2095.4800
2025-12-07 20:28:56,062 [WARNING] reader - Multiple matches for ethiopia, capex, coal, None; returning mean=2095.4800
2025-12-07 20:28:56,153 [WARNING] reader - Multiple matches for ethiopia, capex, coal, None; returning mean=2095.4800
2025-12-07 20:28:56,247 [WARNING] reader - Multiple matches for ethiopia, capex, coal, None; returning mean=2095.4800
2025-12-07 20:28:56,350 [WARNING] reader - Multiple matches for ethiopia, capex, gas, None; returning mean=1810.2100
2025-12-07 20:28:56,450 [WARNING] reader - Multiple matches for ethiopia, capex, gas, None; returning mean=1810.2100
2025-12-07 20:28:56,544 [WARNING] reader - Multiple matches for ethiopia, capex, gas, None; returning mean=1810.2100
2025-12-07 20:28:56,646 [WARNING] reader - Multiple matches for ethiopia, capex, gas, None; returning mean=1810.2100
2025-12-07 20:28:56,738 [WARNING] reader - Multiple matches for ethiopia, capex, gas, None; returning mean=1810.2100
2025-12-07 20:28:56,832 [WARNING] reader - Multiple matches for ethiopia, capex, gas, None; returning mean=1810.2100
2025-12-07 20:28:56,950 [WARNING] reader - Multiple matches for ethiopia, capex, gas, None; returning mean=1810.2100
2025-12-07 20:28:57,065 [WARNING] reader - Multiple matches for ethiopia, capex, gas, None; returning mean=1810.2100
2025-12-07 20:28:57,169 [WARNING] reader - Multiple matches for ethiopia, capex, gas, None; returning mean=1810.2100
2025-12-07 20:28:57,265 [WARNING] reader - Multiple matches for ethiopia, capex, gas, None; returning mean=1810.2100
2025-12-07 20:29:17,582 [WARNING] reader - Multiple matches for ethiopia, opex_f, solar, None; returning mean=6.5500
2025-12-07 20:29:17,594 [WARNING] reader - Multiple matches for ethiopia, opex_f, bess, None; returning mean=5.3500
2025-12-07 20:29:17,693 [WARNING] reader - Multiple matches for ethiopia, opex_f, solar, None; returning mean=6.5500
2025-12-07 20:29:17,706 [WARNING] reader - Multiple matches for ethiopia, opex_f, bess, None; returning mean=5.3500
2025-12-07 20:29:17,810 [WARNING] reader - Multiple matches for ethiopia, opex_f, solar, None; returning mean=6.5500
2025-12-07 20:29:17,823 [WARNING] reader - Multiple matches for ethiopia, opex_f, bess, None; returning mean=5.3500
2025-12-07 20:29:17,933 [WARNING] reader - Multiple matches for ethiopia, opex_f, solar, None; returning mean=6.5500
2025-12-07 20:29:17,948 [WARNING] reader - Multiple matches for ethiopia, opex_f, bess, None; returning mean=5.3500
2025-12-07 20:29:18,049 [WARNING] reader - Multiple matches for ethiopia, opex_f, solar, None; returning mean=6.5500
2025-12-07 20:29:18,063 [WARNING] reader - Multiple matches for ethiopia, opex_f, bess, None; returning mean=5.3500
2025-12-07 20:29:18,164 [WARNING] reader - Multiple matches for ethiopia, opex_f, solar, None; returning mean=6.5500
2025-12-07 20:29:18,177 [WARNING] reader - Multiple matches for ethiopia, opex_f, bess, None; returning mean=5.3500
2025-12-07 20:29:18,323 [WARNING] reader - Multiple matches for ethiopia, opex_f, solar, None; returning mean=6.5500
2025-12-07 20:29:18,337 [WARNING] reader - Multiple matches for ethiopia, opex_f, bess, None; returning mean=5.3500
2025-12-07 20:29:18,436 [WARNING] reader - Multiple matches for ethiopia, opex_f, solar, None; returning mean=6.5500
2025-12-07 20:29:18,449 [WARNING] reader - Multiple matches for ethiopia, opex_f, bess, None; returning mean=5.3500
2025-12-07 20:29:18,552 [WARNING] reader - Multiple matches for ethiopia, opex_f, solar, None; returning mean=6.5500
2025-12-07 20:29:18,568 [WARNING] reader - Multiple matches for ethiopia, opex_f, bess, None; returning mean=5.3500
2025-12-07 20:29:18,684 [WARNING] reader - Multiple matches for ethiopia, opex_f, solar, None; returning mean=6.5500
2025-12-07 20:29:18,697 [WARNING] reader - Multiple matches for ethiopia, opex_f, bess, None; returning mean=5.3500
2025-12-07 20:29:18,746 [WARNING] reader - Multiple matches for ethiopia, capex, coal, None; returning mean=2095.4800
2025-12-07 20:29:18,834 [WARNING] reader - Multiple matches for ethiopia, capex, coal, None; returning mean=2095.4800
2025-12-07 20:29:18,935 [WARNING] reader - Multiple matches for ethiopia, capex, coal, None; returning mean=2095.4800
2025-12-07 20:29:19,026 [WARNING] reader - Multiple matches for ethiopia, capex, coal, None; returning mean=2095.4800
2025-12-07 20:29:19,118 [WARNING] reader - Multiple matches for ethiopia, capex, coal, None; returning mean=2095.4800
2025-12-07 20:29:19,214 [WARNING] reader - Multiple matches for ethiopia, capex, coal, None; returning mean=2095.4800
2025-12-07 20:29:19,305 [WARNING] reader - Multiple matches for ethiopia, capex, coal, None; returning mean=2095.4800
2025-12-07 20:29:19,403 [WARNING] reader - Multiple matches for ethiopia, capex, coal, None; returning mean=2095.4800
2025-12-07 20:29:19,494 [WARNING] reader - Multiple matches for ethiopia, capex, coal, None; returning mean=2095.4800
2025-12-07 20:29:19,587 [WARNING] reader - Multiple matches for ethiopia, capex, coal, None; returning mean=2095.4800
2025-12-07 20:29:19,676 [WARNING] reader - Multiple matches for ethiopia, capex, gas, None; returning mean=1810.2100
2025-12-07 20:29:19,785 [WARNING] reader - Multiple matches for ethiopia, capex, gas, None; returning mean=1810.2100
2025-12-07 20:29:19,877 [WARNING] reader - Multiple matches for ethiopia, capex, gas, None; returning mean=1810.2100
2025-12-07 20:29:19,969 [WARNING] reader - Multiple matches for ethiopia, capex, gas, None; returning mean=1810.2100
2025-12-07 20:29:20,060 [WARNING] reader - Multiple matches for ethiopia, capex, gas, None; returning mean=1810.2100
2025-12-07 20:29:20,153 [WARNING] reader - Multiple matches for ethiopia, capex, gas, None; returning mean=1810.2100
2025-12-07 20:29:20,262 [WARNING] reader - Multiple matches for ethiopia, capex, gas, None; returning mean=1810.2100
2025-12-07 20:29:20,356 [WARNING] reader - Multiple matches for ethiopia, capex, gas, None; returning mean=1810.2100
2025-12-07 20:29:20,455 [WARNING] reader - Multiple matches for ethiopia, capex, gas, None; returning mean=1810.2100
2025-12-07 20:29:20,564 [WARNING] reader - Multiple matches for ethiopia, capex, gas, None; returning mean=1810.2100
2025-12-07 20:29:50,415 [WARNING] reader - Multiple matches for ethiopia, opex_f, solar, None; returning mean=6.5500
2025-12-07 20:29:50,427 [WARNING] reader - Multiple matches for ethiopia, opex_f, bess, None; returning mean=5.3500
2025-12-07 20:29:50,541 [WARNING] reader - Multiple matches for ethiopia, opex_f, solar, None; returning mean=6.5500
2025-12-07 20:29:50,554 [WARNING] reader - Multiple matches for ethiopia, opex_f, bess, None; returning mean=5.3500
2025-12-07 20:29:50,653 [WARNING] reader - Multiple matches for ethiopia, opex_f, solar, None; returning mean=6.5500
2025-12-07 20:29:50,666 [WARNING] reader - Multiple matches for ethiopia, opex_f, bess, None; returning mean=5.3500
2025-12-07 20:29:50,767 [WARNING] reader - Multiple matches for ethiopia, opex_f, solar, None; returning mean=6.5500
2025-12-07 20:29:50,780 [WARNING] reader - Multiple matches for ethiopia, opex_f, bess, None; returning mean=5.3500
2025-12-07 20:29:50,881 [WARNING] reader - Multiple matches for ethiopia, opex_f, solar, None; returning mean=6.5500
2025-12-07 20:29:50,894 [WARNING] reader - Multiple matches for ethiopia, opex_f, bess, None; returning mean=5.3500
2025-12-07 20:29:50,993 [WARNING] reader - Multiple matches for ethiopia, opex_f, solar, None; returning mean=6.5500
2025-12-07 20:29:51,008 [WARNING] reader - Multiple matches for ethiopia, opex_f, bess, None; returning mean=5.3500
2025-12-07 20:29:51,111 [WARNING] reader - Multiple matches for ethiopia, opex_f, solar, None; returning mean=6.5500
2025-12-07 20:29:51,125 [WARNING] reader - Multiple matches for ethiopia, opex_f, bess, None; returning mean=5.3500
2025-12-07 20:29:51,225 [WARNING] reader - Multiple matches for ethiopia, opex_f, solar, None; returning mean=6.5500
2025-12-07 20:29:51,240 [WARNING] reader - Multiple matches for ethiopia, opex_f, bess, None; returning mean=5.3500
2025-12-07 20:29:51,344 [WARNING] reader - Multiple matches for ethiopia, opex_f, solar, None; returning mean=6.5500
2025-12-07 20:29:51,361 [WARNING] reader - Multiple matches for ethiopia, opex_f, bess, None; returning mean=5.3500
2025-12-07 20:29:51,480 [WARNING] reader - Multiple matches for ethiopia, opex_f, solar, None; returning mean=6.5500
2025-12-07 20:29:51,495 [WARNING] reader - Multiple matches for ethiopia, opex_f, bess, None; returning mean=5.3500
2025-12-07 20:29:51,557 [WARNING] reader - Multiple matches for ethiopia, capex, coal, None; returning mean=2095.4800
2025-12-07 20:29:51,660 [WARNING] reader - Multiple matches for ethiopia, capex, coal, None; returning mean=2095.4800
2025-12-07 20:29:51,753 [WARNING] reader - Multiple matches for ethiopia, capex, coal, None; returning mean=2095.4800
2025-12-07 20:29:51,840 [WARNING] reader - Multiple matches for ethiopia, capex, coal, None; returning mean=2095.4800
2025-12-07 20:29:51,931 [WARNING] reader - Multiple matches for ethiopia, capex, coal, None; returning mean=2095.4800
2025-12-07 20:29:52,017 [WARNING] reader - Multiple matches for ethiopia, capex, coal, None; returning mean=2095.4800
2025-12-07 20:29:52,106 [WARNING] reader - Multiple matches for ethiopia, capex, coal, None; returning mean=2095.4800
2025-12-07 20:29:52,200 [WARNING] reader - Multiple matches for ethiopia, capex, coal, None; returning mean=2095.4800
2025-12-07 20:29:52,291 [WARNING] reader - Multiple matches for ethiopia, capex, coal, None; returning mean=2095.4800
2025-12-07 20:29:52,380 [WARNING] reader - Multiple matches for ethiopia, capex, coal, None; returning mean=2095.4800
2025-12-07 20:29:52,467 [WARNING] reader - Multiple matches for ethiopia, capex, gas, None; returning mean=1810.2100
2025-12-07 20:29:52,564 [WARNING] reader - Multiple matches for ethiopia, capex, gas, None; returning mean=1810.2100
2025-12-07 20:29:52,655 [WARNING] reader - Multiple matches for ethiopia, capex, gas, None; returning mean=1810.2100
2025-12-07 20:29:52,748 [WARNING] reader - Multiple matches for ethiopia, capex, gas, None; returning mean=1810.2100
2025-12-07 20:29:52,836 [WARNING] reader - Multiple matches for ethiopia, capex, gas, None; returning mean=1810.2100
2025-12-07 20:29:52,941 [WARNING] reader - Multiple matches for ethiopia, capex, gas, None; returning mean=1810.2100
2025-12-07 20:29:53,036 [WARNING] reader - Multiple matches for ethiopia, capex, gas, None; returning mean=1810.2100
2025-12-07 20:29:53,124 [WARNING] reader - Multiple matches for ethiopia, capex, gas, None; returning mean=1810.2100
2025-12-07 20:29:53,221 [WARNING] reader - Multiple matches for ethiopia, capex, gas, None; returning mean=1810.2100
2025-12-07 20:29:53,313 [WARNING] reader - Multiple matches for ethiopia, capex, gas, None; returning mean=1810.2100
2025-12-07 20:30:20,912 [WARNING] reader - Multiple matches for ethiopia, opex_f, solar, None; returning mean=6.5500
2025-12-07 20:30:20,928 [WARNING] reader - Multiple matches for ethiopia, opex_f, bess, None; returning mean=5.3500
2025-12-07 20:30:21,044 [WARNING] reader - Multiple matches for ethiopia, opex_f, solar, None; returning mean=6.5500
2025-12-07 20:30:21,057 [WARNING] reader - Multiple matches for ethiopia, opex_f, bess, None; returning mean=5.3500
2025-12-07 20:30:21,160 [WARNING] reader - Multiple matches for ethiopia, opex_f, solar, None; returning mean=6.5500
2025-12-07 20:30:21,176 [WARNING] reader - Multiple matches for ethiopia, opex_f, bess, None; returning mean=5.3500
2025-12-07 20:30:21,283 [WARNING] reader - Multiple matches for ethiopia, opex_f, solar, None; returning mean=6.5500
2025-12-07 20:30:21,298 [WARNING] reader - Multiple matches for ethiopia, opex_f, bess, None; returning mean=5.3500
2025-12-07 20:30:21,405 [WARNING] reader - Multiple matches for ethiopia, opex_f, solar, None; returning mean=6.5500
2025-12-07 20:30:21,422 [WARNING] reader - Multiple matches for ethiopia, opex_f, bess, None; returning mean=5.3500
2025-12-07 20:30:21,528 [WARNING] reader - Multiple matches for ethiopia, opex_f, solar, None; returning mean=6.5500
2025-12-07 20:30:21,543 [WARNING] reader - Multiple matches for ethiopia, opex_f, bess, None; returning mean=5.3500
2025-12-07 20:30:21,650 [WARNING] reader - Multiple matches for ethiopia, opex_f, solar, None; returning mean=6.5500
2025-12-07 20:30:21,665 [WARNING] reader - Multiple matches for ethiopia, opex_f, bess, None; returning mean=5.3500
2025-12-07 20:30:21,774 [WARNING] reader - Multiple matches for ethiopia, opex_f, solar, None; returning mean=6.5500
2025-12-07 20:30:21,788 [WARNING] reader - Multiple matches for ethiopia, opex_f, bess, None; returning mean=5.3500
2025-12-07 20:30:21,896 [WARNING] reader - Multiple matches for ethiopia, opex_f, solar, None; returning mean=6.5500
2025-12-07 20:30:21,911 [WARNING] reader - Multiple matches for ethiopia, opex_f, bess, None; returning mean=5.3500
2025-12-07 20:30:22,016 [WARNING] reader - Multiple matches for ethiopia, opex_f, solar, None; returning mean=6.5500
2025-12-07 20:30:22,030 [WARNING] reader - Multiple matches for ethiopia, opex_f, bess, None; returning mean=5.3500
2025-12-07 20:30:22,081 [WARNING] reader - Multiple matches for ethiopia, capex, coal, None; returning mean=2095.4800
2025-12-07 20:30:22,174 [WARNING] reader - Multiple matches for ethiopia, capex, coal, None; returning mean=2095.4800
2025-12-07 20:30:22,269 [WARNING] reader - Multiple matches for ethiopia, capex, coal, None; returning mean=2095.4800
2025-12-07 20:30:22,373 [WARNING] reader - Multiple matches for ethiopia, capex, coal, None; returning mean=2095.4800
2025-12-07 20:30:22,467 [WARNING] reader - Multiple matches for ethiopia, capex, coal, None; returning mean=2095.4800
2025-12-07 20:30:22,562 [WARNING] reader - Multiple matches for ethiopia, capex, coal, None; returning mean=2095.4800
2025-12-07 20:30:22,654 [WARNING] reader - Multiple matches for ethiopia, capex, coal, None; returning mean=2095.4800
2025-12-07 20:30:22,747 [WARNING] reader - Multiple matches for ethiopia, capex, coal, None; returning mean=2095.4800
2025-12-07 20:30:22,841 [WARNING] reader - Multiple matches for ethiopia, capex, coal, None; returning mean=2095.4800
2025-12-07 20:30:22,937 [WARNING] reader - Multiple matches for ethiopia, capex, coal, None; returning mean=2095.4800
2025-12-07 20:30:23,029 [WARNING] reader - Multiple matches for ethiopia, capex, gas, None; returning mean=1810.2100
2025-12-07 20:30:23,128 [WARNING] reader - Multiple matches for ethiopia, capex, gas, None; returning mean=1810.2100
2025-12-07 20:30:23,221 [WARNING] reader - Multiple matches for ethiopia, capex, gas, None; returning mean=1810.2100
2025-12-07 20:30:23,317 [WARNING] reader - Multiple matches for ethiopia, capex, gas, None; returning mean=1810.2100
2025-12-07 20:30:23,418 [WARNING] reader - Multiple matches for ethiopia, capex, gas, None; returning mean=1810.2100
2025-12-07 20:30:23,514 [WARNING] reader - Multiple matches for ethiopia, capex, gas, None; returning mean=1810.2100
2025-12-07 20:30:23,607 [WARNING] reader - Multiple matches for ethiopia, capex, gas, None; returning mean=1810.2100
2025-12-07 20:30:23,701 [WARNING] reader - Multiple matches for ethiopia, capex, gas, None; returning mean=1810.2100
2025-12-07 20:30:23,802 [WARNING] reader - Multiple matches for ethiopia, capex, gas, None; returning mean=1810.2100
2025-12-07 20:30:23,901 [WARNING] reader - Multiple matches for ethiopia, capex, gas, None; returning mean=1810.2100
2025-12-07 20:30:51,036 [WARNING] reader - Multiple matches for ethiopia, opex_f, solar, None; returning mean=6.5500
2025-12-07 20:30:51,051 [WARNING] reader - Multiple matches for ethiopia, opex_f, bess, None; returning mean=5.3500
2025-12-07 20:30:51,159 [WARNING] reader - Multiple matches for ethiopia, opex_f, solar, None; returning mean=6.5500
2025-12-07 20:30:51,175 [WARNING] reader - Multiple matches for ethiopia, opex_f, bess, None; returning mean=5.3500
2025-12-07 20:30:51,287 [WARNING] reader - Multiple matches for ethiopia, opex_f, solar, None; returning mean=6.5500
2025-12-07 20:30:51,303 [WARNING] reader - Multiple matches for ethiopia, opex_f, bess, None; returning mean=5.3500
2025-12-07 20:30:51,428 [WARNING] reader - Multiple matches for ethiopia, opex_f, solar, None; returning mean=6.5500
2025-12-07 20:30:51,454 [WARNING] reader - Multiple matches for ethiopia, opex_f, bess, None; returning mean=5.3500
2025-12-07 20:30:51,584 [WARNING] reader - Multiple matches for ethiopia, opex_f, solar, None; returning mean=6.5500
2025-12-07 20:30:51,600 [WARNING] reader - Multiple matches for ethiopia, opex_f, bess, None; returning mean=5.3500
2025-12-07 20:30:51,724 [WARNING] reader - Multiple matches for ethiopia, opex_f, solar, None; returning mean=6.5500
2025-12-07 20:30:51,741 [WARNING] reader - Multiple matches for ethiopia, opex_f, bess, None; returning mean=5.3500
2025-12-07 20:30:51,852 [WARNING] reader - Multiple matches for ethiopia, opex_f, solar, None; returning mean=6.5500
2025-12-07 20:30:51,866 [WARNING] reader - Multiple matches for ethiopia, opex_f, bess, None; returning mean=5.3500
2025-12-07 20:30:51,981 [WARNING] reader - Multiple matches for ethiopia, opex_f, solar, None; returning mean=6.5500
2025-12-07 20:30:51,994 [WARNING] reader - Multiple matches for ethiopia, opex_f, bess, None; returning mean=5.3500
2025-12-07 20:30:52,135 [WARNING] reader - Multiple matches for ethiopia, opex_f, solar, None; returning mean=6.5500
2025-12-07 20:30:52,154 [WARNING] reader - Multiple matches for ethiopia, opex_f, bess, None; returning mean=5.3500
2025-12-07 20:30:52,264 [WARNING] reader - Multiple matches for ethiopia, opex_f, solar, None; returning mean=6.5500
2025-12-07 20:30:52,280 [WARNING] reader - Multiple matches for ethiopia, opex_f, bess, None; returning mean=5.3500
2025-12-07 20:30:52,336 [WARNING] reader - Multiple matches for ethiopia, capex, coal, None; returning mean=2095.4800
2025-12-07 20:30:52,437 [WARNING] reader - Multiple matches for ethiopia, capex, coal, None; returning mean=2095.4800
2025-12-07 20:30:52,536 [WARNING] reader - Multiple matches for ethiopia, capex, coal, None; returning mean=2095.4800
2025-12-07 20:30:52,653 [WARNING] reader - Multiple matches for ethiopia, capex, coal, None; returning mean=2095.4800
2025-12-07 20:30:52,756 [WARNING] reader - Multiple matches for ethiopia, capex, coal, None; returning mean=2095.4800
2025-12-07 20:30:52,853 [WARNING] reader - Multiple matches for ethiopia, capex, coal, None; returning mean=2095.4800
2025-12-07 20:30:52,974 [WARNING] reader - Multiple matches for ethiopia, capex, coal, None; returning mean=2095.4800
2025-12-07 20:30:53,096 [WARNING] reader - Multiple matches for ethiopia, capex, coal, None; returning mean=2095.4800
2025-12-07 20:30:53,206 [WARNING] reader - Multiple matches for ethiopia, capex, coal, None; returning mean=2095.4800
2025-12-07 20:30:53,315 [WARNING] reader - Multiple matches for ethiopia, capex, coal, None; returning mean=2095.4800
2025-12-07 20:30:53,415 [WARNING] reader - Multiple matches for ethiopia, capex, gas, None; returning mean=1810.2100
2025-12-07 20:30:53,517 [WARNING] reader - Multiple matches for ethiopia, capex, gas, None; returning mean=1810.2100
2025-12-07 20:30:53,614 [WARNING] reader - Multiple matches for ethiopia, capex, gas, None; returning mean=1810.2100
2025-12-07 20:30:53,711 [WARNING] reader - Multiple matches for ethiopia, capex, gas, None; returning mean=1810.2100
2025-12-07 20:30:53,805 [WARNING] reader - Multiple matches for ethiopia, capex, gas, None; returning mean=1810.2100
2025-12-07 20:30:53,902 [WARNING] reader - Multiple matches for ethiopia, capex, gas, None; returning mean=1810.2100
2025-12-07 20:30:53,999 [WARNING] reader - Multiple matches for ethiopia, capex, gas, None; returning mean=1810.2100
2025-12-07 20:30:54,095 [WARNING] reader - Multiple matches for ethiopia, capex, gas, None; returning mean=1810.2100
2025-12-07 20:30:54,199 [WARNING] reader - Multiple matches for ethiopia, capex, gas, None; returning mean=1810.2100
2025-12-07 20:30:54,301 [WARNING] reader - Multiple matches for ethiopia, capex, gas, None; returning mean=1810.2100
2025-12-07 20:31:23,393 [WARNING] reader - Multiple matches for ethiopia, opex_f, solar, None; returning mean=6.5500
2025-12-07 20:31:23,406 [WARNING] reader - Multiple matches for ethiopia, opex_f, bess, None; returning mean=5.3500
2025-12-07 20:31:23,514 [WARNING] reader - Multiple matches for ethiopia, opex_f, solar, None; returning mean=6.5500
2025-12-07 20:31:23,527 [WARNING] reader - Multiple matches for ethiopia, opex_f, bess, None; returning mean=5.3500
2025-12-07 20:31:23,639 [WARNING] reader - Multiple matches for ethiopia, opex_f, solar, None; returning mean=6.5500
2025-12-07 20:31:23,658 [WARNING] reader - Multiple matches for ethiopia, opex_f, bess, None; returning mean=5.3500
2025-12-07 20:31:23,768 [WARNING] reader - Multiple matches for ethiopia, opex_f, solar, None; returning mean=6.5500
2025-12-07 20:31:23,783 [WARNING] reader - Multiple matches for ethiopia, opex_f, bess, None; returning mean=5.3500
2025-12-07 20:31:23,914 [WARNING] reader - Multiple matches for ethiopia, opex_f, solar, None; returning mean=6.5500
2025-12-07 20:31:23,935 [WARNING] reader - Multiple matches for ethiopia, opex_f, bess, None; returning mean=5.3500
2025-12-07 20:31:24,063 [WARNING] reader - Multiple matches for ethiopia, opex_f, solar, None; returning mean=6.5500
2025-12-07 20:31:24,079 [WARNING] reader - Multiple matches for ethiopia, opex_f, bess, None; returning mean=5.3500
2025-12-07 20:31:24,186 [WARNING] reader - Multiple matches for ethiopia, opex_f, solar, None; returning mean=6.5500
2025-12-07 20:31:24,202 [WARNING] reader - Multiple matches for ethiopia, opex_f, bess, None; returning mean=5.3500
2025-12-07 20:31:24,315 [WARNING] reader - Multiple matches for ethiopia, opex_f, solar, None; returning mean=6.5500
2025-12-07 20:31:24,336 [WARNING] reader - Multiple matches for ethiopia, opex_f, bess, None; returning mean=5.3500
2025-12-07 20:31:24,461 [WARNING] reader - Multiple matches for ethiopia, opex_f, solar, None; returning mean=6.5500
2025-12-07 20:31:24,476 [WARNING] reader - Multiple matches for ethiopia, opex_f, bess, None; returning mean=5.3500
2025-12-07 20:31:24,586 [WARNING] reader - Multiple matches for ethiopia, opex_f, solar, None; returning mean=6.5500
2025-12-07 20:31:24,601 [WARNING] reader - Multiple matches for ethiopia, opex_f, bess, None; returning mean=5.3500
2025-12-07 20:31:24,653 [WARNING] reader - Multiple matches for ethiopia, capex, coal, None; returning mean=2095.4800
2025-12-07 20:31:24,750 [WARNING] reader - Multiple matches for ethiopia, capex, coal, None; returning mean=2095.4800
2025-12-07 20:31:24,847 [WARNING] reader - Multiple matches for ethiopia, capex, coal, None; returning mean=2095.4800
2025-12-07 20:31:24,976 [WARNING] reader - Multiple matches for ethiopia, capex, coal, None; returning mean=2095.4800
2025-12-07 20:31:25,111 [WARNING] reader - Multiple matches for ethiopia, capex, coal, None; returning mean=2095.4800
2025-12-07 20:31:25,214 [WARNING] reader - Multiple matches for ethiopia, capex, coal, None; returning mean=2095.4800
2025-12-07 20:31:25,313 [WARNING] reader - Multiple matches for ethiopia, capex, coal, None; returning mean=2095.4800
2025-12-07 20:31:25,421 [WARNING] reader - Multiple matches for ethiopia, capex, coal, None; returning mean=2095.4800
2025-12-07 20:31:25,532 [WARNING] reader - Multiple matches for ethiopia, capex, coal, None; returning mean=2095.4800
2025-12-07 20:31:25,640 [WARNING] reader - Multiple matches for ethiopia, capex, coal, None; returning mean=2095.4800
2025-12-07 20:31:25,734 [WARNING] reader - Multiple matches for ethiopia, capex, gas, None; returning mean=1810.2100
2025-12-07 20:31:25,838 [WARNING] reader - Multiple matches for ethiopia, capex, gas, None; returning mean=1810.2100
2025-12-07 20:31:25,936 [WARNING] reader - Multiple matches for ethiopia, capex, gas, None; returning mean=1810.2100
2025-12-07 20:31:26,032 [WARNING] reader - Multiple matches for ethiopia, capex, gas, None; returning mean=1810.2100
2025-12-07 20:31:26,130 [WARNING] reader - Multiple matches for ethiopia, capex, gas, None; returning mean=1810.2100
2025-12-07 20:31:26,229 [WARNING] reader - Multiple matches for ethiopia, capex, gas, None; returning mean=1810.2100
2025-12-07 20:31:26,325 [WARNING] reader - Multiple matches for ethiopia, capex, gas, None; returning mean=1810.2100
2025-12-07 20:31:26,420 [WARNING] reader - Multiple matches for ethiopia, capex, gas, None; returning mean=1810.2100
2025-12-07 20:31:26,524 [WARNING] reader - Multiple matches for ethiopia, capex, gas, None; returning mean=1810.2100
2025-12-07 20:31:26,626 [WARNING] reader - Multiple matches for ethiopia, capex, gas, None; returning mean=1810.2100
2025-12-07 20:31:52,635 [WARNING] reader - Multiple matches for ethiopia, opex_f, solar, None; returning mean=6.5500
2025-12-07 20:31:52,656 [WARNING] reader - Multiple matches for ethiopia, opex_f, bess, None; returning mean=5.3500
2025-12-07 20:31:52,756 [WARNING] reader - Multiple matches for ethiopia, opex_f, solar, None; returning mean=6.5500
2025-12-07 20:31:52,770 [WARNING] reader - Multiple matches for ethiopia, opex_f, bess, None; returning mean=5.3500
2025-12-07 20:31:52,873 [WARNING] reader - Multiple matches for ethiopia, opex_f, solar, None; returning mean=6.5500
2025-12-07 20:31:52,887 [WARNING] reader - Multiple matches for ethiopia, opex_f, bess, None; returning mean=5.3500
2025-12-07 20:31:52,987 [WARNING] reader - Multiple matches for ethiopia, opex_f, solar, None; returning mean=6.5500
2025-12-07 20:31:53,000 [WARNING] reader - Multiple matches for ethiopia, opex_f, bess, None; returning mean=5.3500
2025-12-07 20:31:53,100 [WARNING] reader - Multiple matches for ethiopia, opex_f, solar, None; returning mean=6.5500
2025-12-07 20:31:53,114 [WARNING] reader - Multiple matches for ethiopia, opex_f, bess, None; returning mean=5.3500
2025-12-07 20:31:53,219 [WARNING] reader - Multiple matches for ethiopia, opex_f, solar, None; returning mean=6.5500
2025-12-07 20:31:53,233 [WARNING] reader - Multiple matches for ethiopia, opex_f, bess, None; returning mean=5.3500
2025-12-07 20:31:53,336 [WARNING] reader - Multiple matches for ethiopia, opex_f, solar, None; returning mean=6.5500
2025-12-07 20:31:53,351 [WARNING] reader - Multiple matches for ethiopia, opex_f, bess, None; returning mean=5.3500
2025-12-07 20:31:53,463 [WARNING] reader - Multiple matches for ethiopia, opex_f, solar, None; returning mean=6.5500
2025-12-07 20:31:53,477 [WARNING] reader - Multiple matches for ethiopia, opex_f, bess, None; returning mean=5.3500
2025-12-07 20:31:53,580 [WARNING] reader - Multiple matches for ethiopia, opex_f, solar, None; returning mean=6.5500
2025-12-07 20:31:53,595 [WARNING] reader - Multiple matches for ethiopia, opex_f, bess, None; returning mean=5.3500
2025-12-07 20:31:53,697 [WARNING] reader - Multiple matches for ethiopia, opex_f, solar, None; returning mean=6.5500
2025-12-07 20:31:53,711 [WARNING] reader - Multiple matches for ethiopia, opex_f, bess, None; returning mean=5.3500
2025-12-07 20:31:53,764 [WARNING] reader - Multiple matches for ethiopia, capex, coal, None; returning mean=2095.4800
2025-12-07 20:31:53,856 [WARNING] reader - Multiple matches for ethiopia, capex, coal, None; returning mean=2095.4800
2025-12-07 20:31:53,948 [WARNING] reader - Multiple matches for ethiopia, capex, coal, None; returning mean=2095.4800
2025-12-07 20:31:54,042 [WARNING] reader - Multiple matches for ethiopia, capex, coal, None; returning mean=2095.4800
2025-12-07 20:31:54,131 [WARNING] reader - Multiple matches for ethiopia, capex, coal, None; returning mean=2095.4800
2025-12-07 20:31:54,222 [WARNING] reader - Multiple matches for ethiopia, capex, coal, None; returning mean=2095.4800
2025-12-07 20:31:54,319 [WARNING] reader - Multiple matches for ethiopia, capex, coal, None; returning mean=2095.4800
2025-12-07 20:31:54,441 [WARNING] reader - Multiple matches for ethiopia, capex, coal, None; returning mean=2095.4800
2025-12-07 20:31:54,561 [WARNING] reader - Multiple matches for ethiopia, capex, coal, None; returning mean=2095.4800
2025-12-07 20:31:54,652 [WARNING] reader - Multiple matches for ethiopia, capex, coal, None; returning mean=2095.4800
2025-12-07 20:31:54,746 [WARNING] reader - Multiple matches for ethiopia, capex, gas, None; returning mean=1810.2100
2025-12-07 20:31:54,837 [WARNING] reader - Multiple matches for ethiopia, capex, gas, None; returning mean=1810.2100
2025-12-07 20:31:54,938 [WARNING] reader - Multiple matches for ethiopia, capex, gas, None; returning mean=1810.2100
2025-12-07 20:31:55,031 [WARNING] reader - Multiple matches for ethiopia, capex, gas, None; returning mean=1810.2100
2025-12-07 20:31:55,119 [WARNING] reader - Multiple matches for ethiopia, capex, gas, None; returning mean=1810.2100
2025-12-07 20:31:55,212 [WARNING] reader - Multiple matches for ethiopia, capex, gas, None; returning mean=1810.2100
2025-12-07 20:31:55,301 [WARNING] reader - Multiple matches for ethiopia, capex, gas, None; returning mean=1810.2100
2025-12-07 20:31:55,394 [WARNING] reader - Multiple matches for ethiopia, capex, gas, None; returning mean=1810.2100
2025-12-07 20:31:55,489 [WARNING] reader - Multiple matches for ethiopia, capex, gas, None; returning mean=1810.2100
2025-12-07 20:31:55,581 [WARNING] reader - Multiple matches for ethiopia, capex, gas, None; returning mean=1810.2100
2025-12-07 20:32:22,091 [WARNING] reader - Multiple matches for ethiopia, opex_f, solar, None; returning mean=6.5500
2025-12-07 20:32:22,114 [WARNING] reader - Multiple matches for ethiopia, opex_f, bess, None; returning mean=5.3500
2025-12-07 20:32:22,261 [WARNING] reader - Multiple matches for ethiopia, opex_f, solar, None; returning mean=6.5500
2025-12-07 20:32:22,287 [WARNING] reader - Multiple matches for ethiopia, opex_f, bess, None; returning mean=5.3500
2025-12-07 20:32:22,406 [WARNING] reader - Multiple matches for ethiopia, opex_f, solar, None; returning mean=6.5500
2025-12-07 20:32:22,422 [WARNING] reader - Multiple matches for ethiopia, opex_f, bess, None; returning mean=5.3500
2025-12-07 20:32:22,537 [WARNING] reader - Multiple matches for ethiopia, opex_f, solar, None; returning mean=6.5500
2025-12-07 20:32:22,551 [WARNING] reader - Multiple matches for ethiopia, opex_f, bess, None; returning mean=5.3500
2025-12-07 20:32:22,664 [WARNING] reader - Multiple matches for ethiopia, opex_f, solar, None; returning mean=6.5500
2025-12-07 20:32:22,678 [WARNING] reader - Multiple matches for ethiopia, opex_f, bess, None; returning mean=5.3500
2025-12-07 20:32:22,792 [WARNING] reader - Multiple matches for ethiopia, opex_f, solar, None; returning mean=6.5500
2025-12-07 20:32:22,808 [WARNING] reader - Multiple matches for ethiopia, opex_f, bess, None; returning mean=5.3500
2025-12-07 20:32:22,921 [WARNING] reader - Multiple matches for ethiopia, opex_f, solar, None; returning mean=6.5500
2025-12-07 20:32:22,936 [WARNING] reader - Multiple matches for ethiopia, opex_f, bess, None; returning mean=5.3500
2025-12-07 20:32:23,064 [WARNING] reader - Multiple matches for ethiopia, opex_f, solar, None; returning mean=6.5500
2025-12-07 20:32:23,078 [WARNING] reader - Multiple matches for ethiopia, opex_f, bess, None; returning mean=5.3500
2025-12-07 20:32:23,187 [WARNING] reader - Multiple matches for ethiopia, opex_f, solar, None; returning mean=6.5500
2025-12-07 20:32:23,203 [WARNING] reader - Multiple matches for ethiopia, opex_f, bess, None; returning mean=5.3500
2025-12-07 20:32:23,327 [WARNING] reader - Multiple matches for ethiopia, opex_f, solar, None; returning mean=6.5500
2025-12-07 20:32:23,342 [WARNING] reader - Multiple matches for ethiopia, opex_f, bess, None; returning mean=5.3500
2025-12-07 20:32:23,399 [WARNING] reader - Multiple matches for ethiopia, capex, coal, None; returning mean=2095.4800
2025-12-07 20:32:23,496 [WARNING] reader - Multiple matches for ethiopia, capex, coal, None; returning mean=2095.4800
2025-12-07 20:32:23,593 [WARNING] reader - Multiple matches for ethiopia, capex, coal, None; returning mean=2095.4800
2025-12-07 20:32:23,690 [WARNING] reader - Multiple matches for ethiopia, capex, coal, None; returning mean=2095.4800
2025-12-07 20:32:23,785 [WARNING] reader - Multiple matches for ethiopia, capex, coal, None; returning mean=2095.4800
2025-12-07 20:32:23,890 [WARNING] reader - Multiple matches for ethiopia, capex, coal, None; returning mean=2095.4800
2025-12-07 20:32:23,995 [WARNING] reader - Multiple matches for ethiopia, capex, coal, None; returning mean=2095.4800
2025-12-07 20:32:24,111 [WARNING] reader - Multiple matches for ethiopia, capex, coal, None; returning mean=2095.4800
2025-12-07 20:32:24,209 [WARNING] reader - Multiple matches for ethiopia, capex, coal, None; returning mean=2095.4800
2025-12-07 20:32:24,309 [WARNING] reader - Multiple matches for ethiopia, capex, coal, None; returning mean=2095.4800
2025-12-07 20:32:24,405 [WARNING] reader - Multiple matches for ethiopia, capex, gas, None; returning mean=1810.2100
2025-12-07 20:32:24,503 [WARNING] reader - Multiple matches for ethiopia, capex, gas, None; returning mean=1810.2100
2025-12-07 20:32:24,612 [WARNING] reader - Multiple matches for ethiopia, capex, gas, None; returning mean=1810.2100
2025-12-07 20:32:24,780 [WARNING] reader - Multiple matches for ethiopia, capex, gas, None; returning mean=1810.2100
2025-12-07 20:32:24,887 [WARNING] reader - Multiple matches for ethiopia, capex, gas, None; returning mean=1810.2100
2025-12-07 20:32:24,979 [WARNING] reader - Multiple matches for ethiopia, capex, gas, None; returning mean=1810.2100
2025-12-07 20:32:25,061 [WARNING] reader - Multiple matches for ethiopia, capex, gas, None; returning mean=1810.2100
2025-12-07 20:32:25,147 [WARNING] reader - Multiple matches for ethiopia, capex, gas, None; returning mean=1810.2100
2025-12-07 20:32:25,253 [WARNING] reader - Multiple matches for ethiopia, capex, gas, None; returning mean=1810.2100
2025-12-07 20:32:25,342 [WARNING] reader - Multiple matches for ethiopia, capex, gas, None; returning mean=1810.2100
